20:07:37 | INFO  | IRD_Seed | Database already contains 18 sites. Checking port assignments...
20:07:50 | INFO  | IRD_Seed | Database already contains 18 sites. Checking port assignments...
20:07:50 | INFO  | IRD_Main | [PHASE17][API] START SYNC request received
20:07:50 | INFO  | IRD_Main | [PHASE17][API] Trace ID: STARTSYNC-TEST-1788359870393
20:07:50 | INFO  | IRD_Main | [PHASE17][API] Request body: {'site_ids': [22], 'dry_run': True, 'trace_id': 'STARTSYNC-TEST-1788359870393'}
20:07:50 | INFO  | IRD_Main | [API] START SYNC request received
20:07:50 | INFO  | IRD_Main | [PHASE17][API] Selected site IDs: [22]
20:07:50 | INFO  | IRD_Main | [PHASE17][API] dry_run: True
20:07:50 | INFO  | IRD_Main | [PHASE17][API] Calling workflow runner
20:07:50 | INFO  | IRD_Main | [API] Selected site IDs: [22]
20:07:50 | INFO  | IRD_Main | [API] Automation start requested
20:07:50 | INFO  | IRD_Main | [PHASE17][API] BEFORE scheduling runner
20:07:50 | INFO  | IRD_Main | [PHASE17][API] AFTER scheduling runner
20:07:50 | INFO  | IRD_Main | [PHASE17][API] Background task created
20:07:50 | INFO  | IRD_Main | [PHASE17][API] Background task ID: 3036151736704
20:07:50 | INFO  | IRD_Main | [API] Automation runner started
20:07:50 | INFO  | IRD_WorkflowRunner | [PHASE17][RUNNER] ENTRY FUNCTION CALLED
20:07:50 | INFO  | IRD_WorkflowRunner | [PHASE17][RUNNER] Workflow entry reached
20:07:50 | INFO  | IRD_WorkflowRunner | [PHASE17][RUNNER] Trace ID: STARTSYNC-TEST-1788359870393
20:07:50 | INFO  | IRD_WorkflowRunner | [PHASE17][RUNNER] Selected site IDs: [22]
20:07:50 | INFO  | IRD_WorkflowRunner | [PHASE17][RUNNER] Target sites resolved: ['ITC Grand Chola']
20:07:50 | INFO  | IRD_WorkflowRunner | [PHASE17][RUNNER] Number of sites: 1
20:07:50 | INFO  | IRD_WorkflowRunner | Created new batch run #46 for 1 sites.
20:07:50 | INFO  | IRD_WorkflowRunner | [RUNNER] Automation workflow starting
20:07:50 | INFO  | IRD_WorkflowRunner | [RUNNER] Sites queued: 1
20:07:50 | INFO  | IRD_WorkflowRunner | [PHASE17][RUNNER] Starting site: ITC Grand Chola (#22)
20:07:50 | INFO  | IRD_WorkflowRunner | [RUNNER] Starting site: ITC Grand Chola (#22)
20:07:50 | INFO  | IRD_WorkflowRunner | 
==========================================
20:07:50 | INFO  | IRD_WorkflowRunner | [1/1] STARTING SITE: ITC Grand Chola
20:07:50 | INFO  | IRD_WorkflowRunner | ==========================================
20:07:50 | INFO  | IRD_WorkflowRunner | DRY RUN executed for site 'ITC Grand Chola'.
20:07:50 | INFO  | IRD_WorkflowRunner | [PHASE17][RUNNER] ENTRY FUNCTION CALLED
20:07:50 | INFO  | IRD_WorkflowRunner | [PHASE17][RUNNER] Workflow entry reached
20:07:50 | INFO  | IRD_WorkflowRunner | [PHASE17][RUNNER] Trace ID: STARTSYNC-TEST-1788359870393
20:07:50 | INFO  | IRD_WorkflowRunner | [PHASE17][RUNNER] Selected site IDs: [22]
20:07:50 | INFO  | IRD_WorkflowRunner | [PHASE17][RUNNER] Target sites resolved: ['ITC Grand Chola']
20:07:50 | INFO  | IRD_WorkflowRunner | [PHASE17][RUNNER] Number of sites: 1
20:07:50 | INFO  | IRD_WorkflowRunner | Created new batch run #47 for 1 sites.
20:07:50 | INFO  | IRD_WorkflowRunner | [RUNNER] Automation workflow starting
20:07:50 | INFO  | IRD_WorkflowRunner | [RUNNER] Sites queued: 1
20:07:50 | INFO  | IRD_WorkflowRunner | [PHASE17][RUNNER] Starting site: ITC Grand Chola (#22)
20:07:50 | INFO  | IRD_WorkflowRunner | [RUNNER] Starting site: ITC Grand Chola (#22)
20:07:50 | INFO  | IRD_WorkflowRunner | 
==========================================
20:07:50 | INFO  | IRD_WorkflowRunner | [1/1] STARTING SITE: ITC Grand Chola
20:07:50 | INFO  | IRD_WorkflowRunner | ==========================================
20:07:50 | INFO  | IRD_WorkflowRunner | DRY RUN executed for site 'ITC Grand Chola'.
20:07:52 | INFO  | IRD_ReportGenerator | Generated reports in folder: C:\IRD AUTO\reports
20:07:52 | INFO  | IRD_WorkflowRunner | 
DAILY IRD SYNC FINISHED. Status: Processed 1/1 sites. (0 Action Points, 1 No Action Point, 0 Failed)

20:11:03 | INFO  | IRD_Seed | Database already contains 18 sites. Checking port assignments...
20:11:03 | INFO  | IRD_Main | IRD Sync Automation server started at http://127.0.0.1:18492
20:11:03 | INFO  | IRD_Main | [PYWEBVIEW] Creating desktop window
20:11:03 | INFO  | IRD_Main | [PYWEBVIEW] UI HTML path: C:\IRD AUTO\app\ui\index.html
20:11:03 | INFO  | IRD_Main | [PYWEBVIEW] UI HTML exists: True
20:11:03 | INFO  | IRD_Main | [PYWEBVIEW] UI JavaScript path: C:\IRD AUTO\app\ui\app.js
20:11:03 | INFO  | IRD_Main | [PYWEBVIEW] UI JavaScript exists: True
20:11:03 | INFO  | IRD_Main | Opening PyWebView desktop window...
